// Jest Snapshot v1, https://goo.gl/fbAQLP

exports[`should properly render with redux state 1`] = `
.c2 {
  min-width: 16.5rem;
  width: auto;
  height: 5rem;
  -webkit-letter-spacing: 0.5px;
  -moz-letter-spacing: 0.5px;
  -ms-letter-spacing: 0.5px;
  letter-spacing: 0.5px;
  line-height: 5rem;
  padding: 0 3.5rem 0 3.5rem;
  font-size: 1.5rem;
  background-color: black;
  color: white;
  text-transform: uppercase;
  font-family: 'Open Sans Condensed';
  font-weight: bolder;
  cursor: pointer;
  border: none;
}

.c2:hover {
  background-color: white;
  color: black;
  border: 1px solid black;
}

.c1 {
  text-transform: uppercase;
  font-weight: 700;
  font-size: 2.4rem;
}

.c0 {
  position: absolute;
  display: -webkit-box;
  display: -webkit-flex;
  display: -ms-flexbox;
  display: flex;
  width: 36rem;
  height: 24rem;
  -webkit-flex-direction: column;
  -ms-flex-direction: column;
  flex-direction: column;
  padding: 2rem;
  border: 1px solid black;
  background-color: white;
  top: 8rem;
  right: 0;
  z-index: 5;
}

.c0 .cart-items {
  height: 85%;
  display: -webkit-box;
  display: -webkit-flex;
  display: -ms-flexbox;
  display: flex;
  -webkit-flex-direction: column;
  -ms-flex-direction: column;
  flex-direction: column;
  overflow: scroll;
}

.c0 .checkout-btn {
  margin-top: auto;
}

.c0 .empty-message {
  font-size: 2.2rem;
  margin: 5rem auto;
  font-weight: bold;
}

.c0 .total {
  margin-left: auto;
}

@media (min-width:768px) {
  .c0 {
    height: 34rem;
    width: 42rem;
  }
}

@media (min-width:992px) {
  .c0 {
    width: 48rem;
    height: 38rem;
  }
}

<div
  class="c0"
>
  <div
    class="cart-items"
  >
    <div>
      Hello World
    </div>
    <div>
      Hello World
    </div>
  </div>
  <span
    class="c1 total"
  >
    Total: $
    50
  </span>
  <button
    class="c2 checkout-btn"
  >
    Go To Checkout
  </button>
</div>
`;

exports[`should render proper cart content with mocked cart items 1`] = `
.c2 {
  min-width: 16.5rem;
  width: auto;
  height: 5rem;
  -webkit-letter-spacing: 0.5px;
  -moz-letter-spacing: 0.5px;
  -ms-letter-spacing: 0.5px;
  letter-spacing: 0.5px;
  line-height: 5rem;
  padding: 0 3.5rem 0 3.5rem;
  font-size: 1.5rem;
  background-color: black;
  color: white;
  text-transform: uppercase;
  font-family: 'Open Sans Condensed';
  font-weight: bolder;
  cursor: pointer;
  border: none;
}

.c2:hover {
  background-color: white;
  color: black;
  border: 1px solid black;
}

.c1 {
  text-transform: uppercase;
  font-weight: 700;
  font-size: 2.4rem;
}

.c0 {
  position: absolute;
  display: -webkit-box;
  display: -webkit-flex;
  display: -ms-flexbox;
  display: flex;
  width: 36rem;
  height: 24rem;
  -webkit-flex-direction: column;
  -ms-flex-direction: column;
  flex-direction: column;
  padding: 2rem;
  border: 1px solid black;
  background-color: white;
  top: 8rem;
  right: 0;
  z-index: 5;
}

.c0 .cart-items {
  height: 85%;
  display: -webkit-box;
  display: -webkit-flex;
  display: -ms-flexbox;
  display: flex;
  -webkit-flex-direction: column;
  -ms-flex-direction: column;
  flex-direction: column;
  overflow: scroll;
}

.c0 .checkout-btn {
  margin-top: auto;
}

.c0 .empty-message {
  font-size: 2.2rem;
  margin: 5rem auto;
  font-weight: bold;
}

.c0 .total {
  margin-left: auto;
}

@media (min-width:768px) {
  .c0 {
    height: 34rem;
    width: 42rem;
  }
}

@media (min-width:992px) {
  .c0 {
    width: 48rem;
    height: 38rem;
  }
}

<div
  class="c0"
>
  <div
    class="cart-items"
  >
    <div>
      Hello World
    </div>
    <div>
      Hello World
    </div>
  </div>
  <span
    class="c1 total"
  >
    Total: $
    5
  </span>
  <button
    class="c2 checkout-btn"
  >
    Go To Checkout
  </button>
</div>
`;
